<!DOCTYPE html><html lang="en"><head><meta charset="utf-8"><meta name="viewport" content="width=device-width, initial-scale=1.0"><meta name="generator" content="rustdoc"><meta name="description" content="API documentation for the Rust `expected` mod in crate `webrender`."><meta name="keywords" content="rust, rustlang, rust-lang, expected"><title>webrender::profiler::expected - Rust</title><link rel="stylesheet" type="text/css" href="../../../normalize.css"><link rel="stylesheet" type="text/css" href="../../../rustdoc.css" id="mainThemeStyle"><link rel="stylesheet" type="text/css" href="../../../light.css"  id="themeStyle"><link rel="stylesheet" type="text/css" href="../../../dark.css" disabled ><link rel="stylesheet" type="text/css" href="../../../ayu.css" disabled ><script src="../../../storage.js"></script><noscript><link rel="stylesheet" href="../../../noscript.css"></noscript><link rel="shortcut icon" href="../../../favicon.ico"><style type="text/css">#crate-search{background-image:url("../../../down-arrow.svg");}</style></head><body class="rustdoc mod"><!--[if lte IE 8]><div class="warning">This old browser is unsupported and will most likely display funky things.</div><![endif]--><nav class="sidebar"><div class="sidebar-menu">&#9776;</div><a href='../../../webrender/index.html'><div class='logo-container'><img src='../../../rust-logo.png' alt='logo'></div></a><p class='location'>Module expected</p><div class="sidebar-elems"><div class="block items"><ul><li><a href="#constants">Constants</a></li></ul></div><p class='location'><a href='../../index.html'>webrender</a>::<wbr><a href='../index.html'>profiler</a></p><script>window.sidebarCurrent = {name: 'expected', ty: 'mod', relpath: '../'};</script><script defer src="../sidebar-items.js"></script></div></nav><div class="theme-picker"><button id="theme-picker" aria-label="Pick another theme!"><img src="../../../brush.svg" width="18" alt="Pick another theme!"></button><div id="theme-choices"></div></div><script src="../../../theme.js"></script><nav class="sub"><form class="search-form"><div class="search-container"><div><select id="crate-search"><option value="All crates">All crates</option></select><input class="search-input" name="search" disabled autocomplete="off" spellcheck="false" placeholder="Click or press ‘S’ to search, ‘?’ for more options…" type="search"></div><a id="settings-menu" href="../../../settings.html"><img src="../../../wheel.svg" width="18" alt="Change settings"></a></div></form></nav><section id="main" class="content"><h1 class='fqn'><span class='out-of-band'><span id='render-detail'><a id="toggle-all-docs" href="javascript:void(0)" title="collapse all docs">[<span class='inner'>&#x2212;</span>]</a></span><a class='srclink' href='../../../src/webrender/profiler.rs.html#18-56' title='goto source code'>[src]</a></span><span class='in-band'>Module <a href='../../index.html'>webrender</a>::<wbr><a href='../index.html'>profiler</a>::<wbr><a class="mod" href=''>expected</a></span></h1><h2 id='constants' class='section-header'><a href="#constants">Constants</a></h2>
<table><tr class='module-item'><td><a class="constant" href="constant.ALPHA_PASSES.html" title='webrender::profiler::expected::ALPHA_PASSES constant'>ALPHA_PASSES</a></td><td class='docblock-short'></td></tr><tr class='module-item'><td><a class="constant" href="constant.AVG_BACKEND_CPU_TIME.html" title='webrender::profiler::expected::AVG_BACKEND_CPU_TIME constant'>AVG_BACKEND_CPU_TIME</a></td><td class='docblock-short'></td></tr><tr class='module-item'><td><a class="constant" href="constant.AVG_GPU_TIME.html" title='webrender::profiler::expected::AVG_GPU_TIME constant'>AVG_GPU_TIME</a></td><td class='docblock-short'></td></tr><tr class='module-item'><td><a class="constant" href="constant.AVG_IPC_TIME.html" title='webrender::profiler::expected::AVG_IPC_TIME constant'>AVG_IPC_TIME</a></td><td class='docblock-short'></td></tr><tr class='module-item'><td><a class="constant" href="constant.AVG_RENDERER_CPU_TIME.html" title='webrender::profiler::expected::AVG_RENDERER_CPU_TIME constant'>AVG_RENDERER_CPU_TIME</a></td><td class='docblock-short'></td></tr><tr class='module-item'><td><a class="constant" href="constant.CHANGED_TARGETS.html" title='webrender::profiler::expected::CHANGED_TARGETS constant'>CHANGED_TARGETS</a></td><td class='docblock-short'></td></tr><tr class='module-item'><td><a class="constant" href="constant.COLOR_PASSES.html" title='webrender::profiler::expected::COLOR_PASSES constant'>COLOR_PASSES</a></td><td class='docblock-short'></td></tr><tr class='module-item'><td><a class="constant" href="constant.CREATED_TARGETS.html" title='webrender::profiler::expected::CREATED_TARGETS constant'>CREATED_TARGETS</a></td><td class='docblock-short'></td></tr><tr class='module-item'><td><a class="constant" href="constant.DISPLAY_LIST_BUILD_TIME.html" title='webrender::profiler::expected::DISPLAY_LIST_BUILD_TIME constant'>DISPLAY_LIST_BUILD_TIME</a></td><td class='docblock-short'></td></tr><tr class='module-item'><td><a class="constant" href="constant.DISPLAY_LIST_MB.html" title='webrender::profiler::expected::DISPLAY_LIST_MB constant'>DISPLAY_LIST_MB</a></td><td class='docblock-short'></td></tr><tr class='module-item'><td><a class="constant" href="constant.DISPLAY_LIST_SEND_TIME.html" title='webrender::profiler::expected::DISPLAY_LIST_SEND_TIME constant'>DISPLAY_LIST_SEND_TIME</a></td><td class='docblock-short'></td></tr><tr class='module-item'><td><a class="constant" href="constant.DISPLAY_LIST_TOTAL_TIME.html" title='webrender::profiler::expected::DISPLAY_LIST_TOTAL_TIME constant'>DISPLAY_LIST_TOTAL_TIME</a></td><td class='docblock-short'></td></tr><tr class='module-item'><td><a class="constant" href="constant.DRAW_CALLS.html" title='webrender::profiler::expected::DRAW_CALLS constant'>DRAW_CALLS</a></td><td class='docblock-short'></td></tr><tr class='module-item'><td><a class="constant" href="constant.FONT_TEMPLATES_MB.html" title='webrender::profiler::expected::FONT_TEMPLATES_MB constant'>FONT_TEMPLATES_MB</a></td><td class='docblock-short'></td></tr><tr class='module-item'><td><a class="constant" href="constant.GPU_CACHE_BLOCKS_SAVED.html" title='webrender::profiler::expected::GPU_CACHE_BLOCKS_SAVED constant'>GPU_CACHE_BLOCKS_SAVED</a></td><td class='docblock-short'></td></tr><tr class='module-item'><td><a class="constant" href="constant.GPU_CACHE_BLOCKS_TOTAL.html" title='webrender::profiler::expected::GPU_CACHE_BLOCKS_TOTAL constant'>GPU_CACHE_BLOCKS_TOTAL</a></td><td class='docblock-short'></td></tr><tr class='module-item'><td><a class="constant" href="constant.GPU_CACHE_BLOCKS_UPDATED.html" title='webrender::profiler::expected::GPU_CACHE_BLOCKS_UPDATED constant'>GPU_CACHE_BLOCKS_UPDATED</a></td><td class='docblock-short'></td></tr><tr class='module-item'><td><a class="constant" href="constant.GPU_CACHE_ROWS_TOTAL.html" title='webrender::profiler::expected::GPU_CACHE_ROWS_TOTAL constant'>GPU_CACHE_ROWS_TOTAL</a></td><td class='docblock-short'></td></tr><tr class='module-item'><td><a class="constant" href="constant.GPU_CACHE_ROWS_UPDATED.html" title='webrender::profiler::expected::GPU_CACHE_ROWS_UPDATED constant'>GPU_CACHE_ROWS_UPDATED</a></td><td class='docblock-short'></td></tr><tr class='module-item'><td><a class="constant" href="constant.IMAGE_TEMPLATES_MB.html" title='webrender::profiler::expected::IMAGE_TEMPLATES_MB constant'>IMAGE_TEMPLATES_MB</a></td><td class='docblock-short'></td></tr><tr class='module-item'><td><a class="constant" href="constant.MAX_BACKEND_CPU_TIME.html" title='webrender::profiler::expected::MAX_BACKEND_CPU_TIME constant'>MAX_BACKEND_CPU_TIME</a></td><td class='docblock-short'></td></tr><tr class='module-item'><td><a class="constant" href="constant.MAX_GPU_TIME.html" title='webrender::profiler::expected::MAX_GPU_TIME constant'>MAX_GPU_TIME</a></td><td class='docblock-short'></td></tr><tr class='module-item'><td><a class="constant" href="constant.MAX_IPC_TIME.html" title='webrender::profiler::expected::MAX_IPC_TIME constant'>MAX_IPC_TIME</a></td><td class='docblock-short'></td></tr><tr class='module-item'><td><a class="constant" href="constant.MAX_RENDERER_CPU_TIME.html" title='webrender::profiler::expected::MAX_RENDERER_CPU_TIME constant'>MAX_RENDERER_CPU_TIME</a></td><td class='docblock-short'></td></tr><tr class='module-item'><td><a class="constant" href="constant.MAX_SCENE_BUILD_TIME.html" title='webrender::profiler::expected::MAX_SCENE_BUILD_TIME constant'>MAX_SCENE_BUILD_TIME</a></td><td class='docblock-short'></td></tr><tr class='module-item'><td><a class="constant" href="constant.NUM_FONT_TEMPLATES.html" title='webrender::profiler::expected::NUM_FONT_TEMPLATES constant'>NUM_FONT_TEMPLATES</a></td><td class='docblock-short'></td></tr><tr class='module-item'><td><a class="constant" href="constant.NUM_IMAGE_TEMPLATES.html" title='webrender::profiler::expected::NUM_IMAGE_TEMPLATES constant'>NUM_IMAGE_TEMPLATES</a></td><td class='docblock-short'></td></tr><tr class='module-item'><td><a class="constant" href="constant.NUM_RASTERIZED_BLOBS.html" title='webrender::profiler::expected::NUM_RASTERIZED_BLOBS constant'>NUM_RASTERIZED_BLOBS</a></td><td class='docblock-short'></td></tr><tr class='module-item'><td><a class="constant" href="constant.RASTERIZED_BLOBS_MB.html" title='webrender::profiler::expected::RASTERIZED_BLOBS_MB constant'>RASTERIZED_BLOBS_MB</a></td><td class='docblock-short'></td></tr><tr class='module-item'><td><a class="constant" href="constant.RENDERED_PICTURE_CACHE_TILES.html" title='webrender::profiler::expected::RENDERED_PICTURE_CACHE_TILES constant'>RENDERED_PICTURE_CACHE_TILES</a></td><td class='docblock-short'></td></tr><tr class='module-item'><td><a class="constant" href="constant.TEXTURE_DATA_UPLOADED.html" title='webrender::profiler::expected::TEXTURE_DATA_UPLOADED constant'>TEXTURE_DATA_UPLOADED</a></td><td class='docblock-short'></td></tr><tr class='module-item'><td><a class="constant" href="constant.TOTAL_PICTURE_CACHE_TILES.html" title='webrender::profiler::expected::TOTAL_PICTURE_CACHE_TILES constant'>TOTAL_PICTURE_CACHE_TILES</a></td><td class='docblock-short'></td></tr><tr class='module-item'><td><a class="constant" href="constant.TOTAL_PRIMITIVES.html" title='webrender::profiler::expected::TOTAL_PRIMITIVES constant'>TOTAL_PRIMITIVES</a></td><td class='docblock-short'></td></tr><tr class='module-item'><td><a class="constant" href="constant.USED_TARGETS.html" title='webrender::profiler::expected::USED_TARGETS constant'>USED_TARGETS</a></td><td class='docblock-short'></td></tr><tr class='module-item'><td><a class="constant" href="constant.VERTICES.html" title='webrender::profiler::expected::VERTICES constant'>VERTICES</a></td><td class='docblock-short'></td></tr><tr class='module-item'><td><a class="constant" href="constant.VISIBLE_PRIMITIVES.html" title='webrender::profiler::expected::VISIBLE_PRIMITIVES constant'>VISIBLE_PRIMITIVES</a></td><td class='docblock-short'></td></tr></table></section><section id="search" class="content hidden"></section><section class="footer"></section><script>window.rootPath = "../../../";window.currentCrate = "webrender";</script><script src="../../../main.js"></script><script defer src="../../../search-index.js"></script></body></html>